../Core/Src/main.c:78:5:main	32	static
../Core/Src/main.c:144:6:SystemClock_Config	88	static
../Core/Src/main.c:191:13:MX_ADC1_Init	24	static
../Core/Src/main.c:238:13:MX_TIM2_Init	64	static
../Core/Src/main.c:297:13:MX_TIM3_Init	64	static
../Core/Src/main.c:356:13:MX_USART1_UART_Init	8	static
../Core/Src/main.c:384:13:MX_DMA_Init	16	static
../Core/Src/main.c:402:13:MX_GPIO_Init	16	static
../Core/Src/main.c:416:6:HAL_ADC_ConvHalfCpltCallback	16	static
../Core/Src/main.c:419:6:HAL_ADC_ConvCpltCallback	16	static
../Core/Src/main.c:430:6:Error_Handler	4	static,ignoring_inline_asm
